
> landing-page@0.0.0 build
> vite build

[36mvite v8.0.0 [32mbuilding client environment for production...[36m[39m
[2K
transforming...Γ£ô 3926 modules transformed.
node.exe : [31mΓ£ù[39m Build 
failed in 5.20s
At line:1 char:1
+ & "C:\Program 
Files\nodejs/node.exe" 
"C:\Program Files\nodejs/node_mo 
...
+ ~~~~~~~~~~~~~~~~~~~~~~~~~~~~~~~
~~~~~~~~~~~~~~~~~~~~~~~~~~~~~~~~~
~~~~~
    + CategoryInfo          : No 
   tSpecified: ([31mΓ£ù[39m B  
  uild failed in 5.20s:String)   
  [], RemoteException
    + FullyQualifiedErrorId : Na 
   tiveCommandError
 
[31merror during build:
[31mBuild failed with 1 error:

[31m[UNLOADABLE_DEPENDENCY] 
Error:[0m Could not load 
src/components/ui/calendar
   [38;5;246mΓò¡[0m[38;5;246mΓ
öÇ[0m[38;5;246m[[0m src/compon
ents/ui/DatePicker.jsx:4:26 
[38;5;246m][0m
   [38;5;246mΓöé[0m
 [38;5;246m4 Γöé[0m [38;5;249m
i[0m[38;5;249mm[0m[38;5;249mp
[0m[38;5;249mo[0m[38;5;249mr
[0m[38;5;249mt[0m[38;5;249m 
[0m[38;5;249m{[0m[38;5;249m 
[0m[38;5;249mC[0m[38;5;249ma[
0m[38;5;249ml[0m[38;5;249me[0
m[38;5;249mn[0m[38;5;249md[0m
[38;5;249ma[0m[38;5;249mr[0m
[38;5;249m 
[0m[38;5;249m}[0m[38;5;249m 
[0m[38;5;249mf[0m[38;5;249mr[
0m[38;5;249mo[0m[38;5;249mm[0
m[38;5;249m [0m"@/components/ui
/calendar"[38;5;249m;[0m
 [38;5;240m  Γöé[0m            
              ΓöÇΓöÇΓöÇΓöÇΓöÇΓöÇΓ
öÇΓöÇΓöÇΓöÇΓöÇΓöÇΓöÇΓö¼ΓöÇΓöÇΓöÇΓ
öÇΓöÇΓöÇΓöÇΓöÇΓöÇΓöÇΓöÇΓöÇ  
 [38;5;240m  Γöé[0m            
                           Γò░ΓöÇ
ΓöÇΓöÇΓöÇΓöÇΓöÇΓöÇΓöÇΓöÇΓöÇΓöÇΓöÇ
ΓöÇΓöÇ The system cannot find 
the file specified. (os error 2)
[38;5;246mΓöÇΓöÇΓöÇΓò»[0m
[31m
    at aggregateBindingErrorsInto
JsError (file:///D:/Dokumen/02_Ke
rja_Profesional/Ternak%20OS/node_
modules/rolldown/dist/shared/erro
r-CP8smW_P.mjs:48:18)
    at unwrapBindingResult (file:
///D:/Dokumen/02_Kerja_Profesiona
l/Ternak%20OS/node_modules/rolldo
wn/dist/shared/error-CP8smW_P.mjs
:18:128)
    at #build (file:///D:/Dokumen
/02_Kerja_Profesional/Ternak%20OS
/node_modules/rolldown/dist/share
d/rolldown-build-4YnQkA76.mjs:331
1:34)
    at async buildEnvironment (fi
le:///D:/Dokumen/02_Kerja_Profesi
onal/Ternak%20OS/node_modules/vit
e/dist/node/chunks/node.js:32794:
64)
    at async Object.build (file:/
//D:/Dokumen/02_Kerja_Profesional
/Ternak%20OS/node_modules/vite/di
st/node/chunks/node.js:33216:19)
    at async Object.buildApp (fil
e:///D:/Dokumen/02_Kerja_Profesio
nal/Ternak%20OS/node_modules/vite
/dist/node/chunks/node.js:33213:1
53)
    at async CAC.<anonymous> (fil
e:///D:/Dokumen/02_Kerja_Profesio
nal/Ternak%20OS/node_modules/vite
/dist/node/cli.js:778:3) {
  errors: [Getter/Setter]
}[39m
